// Jest Snapshot v1, https://goo.gl/fbAQLP

exports[`<Splash /> should render the component 1`] = `
.c0 {
  height: 100%;
  position: relative;
  overflow: hidden;
}

.c5 {
  width: 100%;
  height: 200%;
  background-color: #F64E4E;
  position: absolute;
  bottom: 0;
}

.c6 {
  height: 50%;
  background-color: #F64E4E;
  display: -webkit-box;
  display: -webkit-flex;
  display: -ms-flexbox;
  display: flex;
  -webkit-box-pack: center;
  -webkit-justify-content: center;
  -ms-flex-pack: center;
  justify-content: center;
  -webkit-align-items: center;
  -webkit-box-align: center;
  -ms-flex-align: center;
  align-items: center;
  z-index: 10;
  position: relative;
}

.c7 {
  background-color: #376473;
  border-radius: 0.8rem;
  border: min(5vh,3.2rem) solid #B03333;
  width: 95%;
  height: 85%;
}

.c8 {
  background-color: #B03333;
  width: 100%;
  height: min(5vh,3.2rem);
  position: absolute;
  bottom: 0;
}

.c9 {
  height: 50%;
  background-color: #F64E4E;
  display: -webkit-box;
  display: -webkit-flex;
  display: -ms-flexbox;
  display: flex;
  -webkit-align-items: center;
  -webkit-box-align: center;
  -ms-flex-align: center;
  align-items: center;
  -webkit-box-pack: center;
  -webkit-justify-content: center;
  -ms-flex-pack: center;
  justify-content: center;
  position: relative;
}

.c10 {
  display: -webkit-box;
  display: -webkit-flex;
  display: -ms-flexbox;
  display: flex;
  -webkit-align-items: center;
  -webkit-box-align: center;
  -ms-flex-align: center;
  align-items: center;
  -webkit-box-pack: center;
  -webkit-justify-content: center;
  -ms-flex-pack: center;
  justify-content: center;
  width: min(102vw,80rem);
  height: min(102vw,80rem);
  background-color: transparent;
  border-radius: 50%;
  border: min(5vw,3.2rem) solid #B03333;
}

.c10::after {
  content: '';
  width: min(5vw,3.2rem);
  height: 120vh;
  background-color: #B03333;
  position: absolute;
}

.c11 {
  width: min(80vw,40rem);
  height: min(80vw,40rem);
  background-color: #B03333;
  border-radius: 50%;
  position: relative;
  display: -webkit-box;
  display: -webkit-flex;
  display: -ms-flexbox;
  display: flex;
  -webkit-box-pack: center;
  -webkit-justify-content: center;
  -ms-flex-pack: center;
  justify-content: center;
  -webkit-align-items: center;
  -webkit-box-align: center;
  -ms-flex-align: center;
  align-items: center;
  margin: 1.6rem;
}

.c11::after {
  content: ' ';
  width: min(80vw,40rem);
  height: min(5vw,3.2rem);
  background-color: #F64E4E;
  position: absolute;
}

.c12 {
  box-sizing: content-box;
  width: min(20vw,10rem);
  height: min(20vw,10rem);
  background-color: #B03333;
  border-radius: 50%;
  border: min(5vw,3.2rem) solid #F64E4E;
  z-index: 2;
}

.c13 {
  height: min(3vw,3.2rem);
  width: min(10vw,9.6rem);
  background-color: #EDEAEA;
  box-shadow: inset -4px -4px 4px #FFFFFF,-4px -4px 4px rgba(0,0,0,0.25);
  position: absolute;
  top: clamp(2.4rem,1vw,4.8rem);
  left: clamp(2.4rem,1vw,4.8rem);
}

.c14 {
  height: min(3vw,3.2rem);
  width: min(10vw,9.6rem);
  background-color: #EDEAEA;
  box-shadow: inset -4px -4px 4px #FFFFFF,-4px -4px 4px rgba(0,0,0,0.25);
  position: absolute;
  top: clamp(2.4rem,1vw,4.8rem);
  right: clamp(2.4rem,1vw,4.8rem);
}

.c21 {
  display: -webkit-box;
  display: -webkit-flex;
  display: -ms-flexbox;
  display: flex;
  -webkit-flex-direction: column;
  -ms-flex-direction: column;
  flex-direction: column;
  -webkit-align-items: center;
  -webkit-box-align: center;
  -ms-flex-align: center;
  align-items: center;
  position: absolute;
  bottom: clamp(2.4rem,1vw,4.8rem);
  right: clamp(2.4rem,1vw,4.8rem);
  -webkit-transform: rotateZ(15deg);
  -ms-transform: rotateZ(15deg);
  transform: rotateZ(15deg);
}

.c22 {
  height: min(4vw,3.6rem);
  width: min(4vw,3.6rem);
  border-radius: 50%;
  background-color: #EDEAEA;
  box-shadow: inset -4px -4px 4px #FFFFFF,-4px -4px 4px rgba(0,0,0,0.25);
}

.c23 {
  height: min(8vw,8rem);
  width: min(8vw,8rem);
  border-radius: 50%;
  background-color: #EDEAEA;
  box-shadow: inset -4px -4px 4px #FFFFFF,-4px -4px 4px rgba(0,0,0,0.25);
  margin: min(4vw,2.4rem) 0;
}

.c15 {
  position: absolute;
  left: clamp(2.4rem,1vw,4.8rem);
  bottom: clamp(3.6rem,1vw,9.6rem);
  display: grid;
  grid-template-areas: '. top .' 'left center right' '. bottom .';
}

.c16 {
  background-color: #EDEAEA;
  height: min(6vw,4rem);
  width: min(6vw,4rem);
  grid-area: center;
}

.c20 {
  box-shadow: -4px 1px 4px rgba(0,0,0,0.25),-4px -4px 4px rgba(0,0,0,0.25);
  grid-area: left;
}

.c17 {
  box-shadow: -3px -4px 4px rgba(0,0,0,0.25),-4px 0px 4px rgba(0,0,0,0.25);
  grid-area: top;
}

.c18 {
  box-shadow: inset -4px -4px 4px #ffffff;
  grid-area: right;
}

.c19 {
  box-shadow: inset -4px -4px 4px #ffffff;
  grid-area: bottom;
}

.c1 {
  position: fixed;
  top: 0;
  right: 0;
  bottom: 0;
  left: 0;
  background-color: rgba(0,0,0,0.3);
  display: -webkit-box;
  display: -webkit-flex;
  display: -ms-flexbox;
  display: flex;
  -webkit-flex-direction: column;
  -ms-flex-direction: column;
  flex-direction: column;
  -webkit-align-items: center;
  -webkit-box-align: center;
  -ms-flex-align: center;
  align-items: center;
  -webkit-box-pack: center;
  -webkit-justify-content: center;
  -ms-flex-pack: center;
  justify-content: center;
  z-index: 10;
}

.c2 {
  width: 90%;
}

.c3 {
  font-size: 4.8rem;
  color: #c4dced;
}

.c4 {
  background: linear-gradient(180deg,#83b8e9 25%,#2390f4 100%);
  font-size: 1.6rem;
  color: #EDEAEA;
  height: 4.8rem;
  padding: 0.8rem 1.6rem;
  border-radius: 0.8rem;
  margin-top: 2.4rem;
  border: 0;
  border-bottom: 4px solid #2d41f0;
}

.c4:hover {
  -webkit-filter: brightness(0.8);
  filter: brightness(0.8);
  cursor: pointer;
  -webkit-transition: filter 200ms ease-in;
  transition: filter 200ms ease-in;
}

.c4:active {
  box-shadow: 0px 4px 4px rgba(0,0,0,0.25);
}

@media (max-width:768px) {
  .c3 {
    font-size: 3.2rem;
  }
}

@media (max-width:375px) {
  .c3 {
    font-size: 2.4rem;
  }
}

<main
  class="c0"
>
  <div
    class="c1"
  >
    <img
      alt="Pokémon - título"
      class="c2"
      src="/images/pokemon-title-logo.png"
    />
    <h2
      class="c3"
    >
      Pokédex - React Version
    </h2>
    <button
      class="c4"
    >
      Iniciar
    </button>
  </div>
  <section
    class="c5"
  >
    <section
      class="c6"
    >
      <div
        class="c7"
        role="figure"
      />
      <div
        class="c8"
      />
    </section>
    <section
      class="c9"
    >
      <div
        class="c10"
      >
        <div
          class="c11"
        >
          <div
            class="c12"
          />
        </div>
      </div>
      <div
        class="c13"
      />
      <div
        class="c14"
      />
      <div
        class="c15"
      >
        <div
          class="c16"
        />
        <div
          class="c16 c17"
        />
        <div
          class="c16 c18"
        />
        <div
          class="c16 c19"
        />
        <div
          class="c16 c20"
        />
      </div>
      <div
        class="c21"
      >
        <div
          class="c22"
        />
        <div
          class="c23"
        />
        <div
          class="c22"
        />
      </div>
    </section>
  </section>
</main>
`;
