// Jest Snapshot v1, https://goo.gl/fbAQLP

exports[`<Main /> should render the component 1`] = `
.c0 {
  background-color: #06092b;
  color: #fff;
  width: 100%;
  height: 100%;
  padding: 4.8rem;
  text-align: center;
  display: -webkit-box;
  display: -webkit-flex;
  display: -ms-flexbox;
  display: flex;
  -webkit-align-items: center;
  -webkit-box-align: center;
  -ms-flex-align: center;
  align-items: center;
  -webkit-box-pack: center;
  -webkit-justify-content: center;
  -ms-flex-pack: center;
  justify-content: center;
}

.c1 {
  font-size: 3.2rem;
  font-weight: 700;
}

<main
  class="c0"
>
  <h1
    class="c1"
  >
    Main
  </h1>
</main>
`;
